---
source: tui/src/chatwidget/tests/worktree_picker_tests.rs
assertion_line: 100
expression: "render_bottom_popup(&chat, 80)"
---
  Managed worktrees
  Select a worktree to resume its owner or copy its working directory


› /repo/worktree  Owner: 00000000-0000-0000-0000-000000000001

  Press enter to confirm or esc to go back
